{
  "TSC1" : {
    "searchKeyWord": "Iphone"

  },

  "TSC2": {
    "searchKeyWord": "Laptop"
  }
}